===== LOCK LADDER stage 1: advance Open -> Provisioning (0x17) =====
ADVANCING product state 0xED -> 0x17 (regress is the only way back)
OPTION BYTE PROGRAMMING VERIFICATION:

Option Bytes successfully programmed
Time elapsed during option Bytes configuration: 00:00:05.428
now: 0x17
===== stage 2: provision CERTIFICATE OBK =====
Provisioning DA OBK (ST obk_provisioning.sh order): /home/aidangarske/st-rot-h5/Projects/NUCLEO-H563ZI/ROT_Provisioning/DA/Binary/DA_Config.obk
Reset mode  : Software reset
Device ID   : 0x484
Revision ID : Rev X
Secure Data Provisioning Start. OBK Input file : /home/aidangarske/st-rot-h5/Projects/NUCLEO-H563ZI/ROT_Provisioning/DA/Binary/DA_Config.obk
[==================================================] 100% OBKey Provisioned successfully
===== stage 3 GATE: discover (must show Full Regression) =====
DA discovery (non-destructive) with /home/aidangarske/st-rot-h5/Projects/NUCLEO-H563ZI/ROT_Provisioning/DA/Binary/password.bin:
Start Debug Authentication Sequence
discovery: target ID.......................:0x484
discovery: SoC ID..........................:0x00000000_00000000_00000000_00000000
discovery: SDA version.....................:2.4.0
discovery: Vendor ID.......................:STMicroelectronics
discovery: PSA lifecycle...................:ST_LIFECYCLE_PROVISIONING
discovery: PSA auth version................:1.0
discovery: ST HDPL1 status.................:0xffffffff
discovery: ST HDPL2 status.................:0xffffffff
discovery: ST HDPL3 status.................:0xffffffff
===== stage 3 GATE re-read =====
discovery: PSA lifecycle...................:ST_LIFECYCLE_PROVISIONING
discovery: ST provisioning integrity status:0xeaeaeaea
discovery: permission if authorized...........:(a/14) ==> Full Regression
discovery: permission if authorized...........:(b/12) ==> To TZ Regression
Debug Authentication: Discovery Success
===== stage 4: advance Provisioning -> TZ-Closed (0xc6) =====
ADVANCING product state 0x17 -> 0xc6 (regress is the only way back)

Reconnecting...
Error: failed to reconnect after reset !
Error: Unable to reconnect after setting the Option Bytes
===== stage 4 GATE: state + discover =====
discovery: PSA lifecycle...................:ST_LIFECYCLE_TZ_CLOSED
discovery: ST provisioning integrity status:0xeaeaeaea
discovery: permission if authorized...........:(a/14) ==> Full Regression
Debug Authentication: Discovery Success
===== stage 5: advance TZ-Closed -> Closed (0x72) =====
ADVANCING product state  -> 0x72 (regress is the only way back)
Board       : NUCLEO-H563ZI
Voltage     : 3.27V
Error: Unable to get core ID
Error: Cannot connect to access port 1!  If you are trying to connect to a device with TrustZone enabled please try to connect with HotPlug mode.  If you are trying to connect to a device which supports Debug Authentication with certificate or password, please open your device using it.
===== stage 5 GATE: discover (Closed) =====
discovery: PSA lifecycle...................:ST_LIFECYCLE_TZ_CLOSED
discovery: ST provisioning integrity status:0xeaeaeaea
discovery: permission if authorized...........:(a/14) ==> Full Regression
Debug Authentication: Discovery Success
===== stage 5b: wolfTrust UART while CLOSED (money shot) =====
(bytes captured: 0)
===== stage 6: certificate Full Regression Closed -> Open =====
DA certificate Full Regression -> Open (mass-erase):
Error: Cannot connect to access port 1!  If you are trying to connect to a device with TrustZone enabled please try to connect with HotPlug mode.  If you are trying to connect to a device which supports Debug Authentication with certificate or password, please open your device using it.
 the submitted permissions are : a
SDMAuthenticate               :  1453 : client     : Found 3 certificates

response_packet_lock
response_packet_lock
response_packet_lock
[80%]	sending response
[90%]	receiving status
response_packet_lock
SDMAuthenticate               :  1634 : client     : Authentication successful

[100%]	finished authentication

Debug Authentication Success
state after regression: 
===== stage 6 verify: product state =====
===== stage 7: restore wolfTrust =====
Setting wolfTrust OEM-iRoT perimeter: TZEN=0xB4 BOOT_UBE=0xB4 SWAP_BANK=0x0 SECWM1_STRT=0x0 SECWM1_END=0x3F SECWM2_STRT=0x0 SECWM2_END=0x7F

Option Bytes successfully programmed
Time elapsed during option Bytes configuration: 00:00:02.397
OPTION BYTE PROGRAMMING VERIFICATION:

Option Bytes successfully programmed
Time elapsed during option Bytes configuration: 00:00:02.401
Download in Progress:
File download complete
Time elapsed during download operation: 00:00:00.177
Download verified successfully
  [check] PASS  wolfTrust chain boots on silicon
PASS: wolfTrust restored and booting
===== DONE: final state =====
     PRODUCT_STATE: 0xED (Open) 
     BOOT_UBE     : 0xB4 (OEM-iRoT (user flash) selected) 
     TZEN         : 0xB4 (Trust zone enabled) 
===== CLOSED-DIRECT A: advance Open -> Provisioning (0x17) =====
ADVANCING product state 0xED -> 0x17 (regress is the only way back)
OPTION BYTE PROGRAMMING VERIFICATION:

Option Bytes successfully programmed
Time elapsed during option Bytes configuration: 00:00:05.429
now: 0x17
===== B: provision certificate OBK =====
Provisioning DA OBK (ST obk_provisioning.sh order): /home/aidangarske/st-rot-h5/Projects/NUCLEO-H563ZI/ROT_Provisioning/DA/Binary/DA_Config.obk
Reset mode  : Software reset
Device ID   : 0x484
Revision ID : Rev X
Secure Data Provisioning Start. OBK Input file : /home/aidangarske/st-rot-h5/Projects/NUCLEO-H563ZI/ROT_Provisioning/DA/Binary/DA_Config.obk
[==================================================] 100% OBKey Provisioned successfully
===== C GATE: discover (Provisioning) =====
discovery: PSA lifecycle...................:ST_LIFECYCLE_PROVISIONING
discovery: ST provisioning integrity status:0xeaeaeaea
discovery: permission if authorized...........:(a/14) ==> Full Regression
Debug Authentication: Discovery Success
===== D: advance Provisioning -> Closed (0x72) DIRECT =====
ADVANCING product state 0x17 -> 0x72 (regress is the only way back)

Reconnecting...
Error: failed to reconnect after reset !
Error: Unable to reconnect after setting the Option Bytes
===== D GATE: discover (expect ST_LIFECYCLE_CLOSED) =====
discovery: PSA lifecycle...................:ST_LIFECYCLE_CLOSED
discovery: ST provisioning integrity status:0xeaeaeaea
discovery: permission if authorized...........:(a/14) ==> Full Regression
Debug Authentication: Discovery Success
===== E: wolfTrust UART while CLOSED (best-effort, no reset possible) =====
(closed UART bytes: 0)
===== F: certificate Full Regression Closed -> Open =====
DA certificate Full Regression -> Open (mass-erase):
Error: Cannot connect to access port 1!  If you are trying to connect to a device with TrustZone enabled please try to connect with HotPlug mode.  If you are trying to connect to a device which supports Debug Authentication with certificate or password, please open your device using it.
 the submitted permissions are : a
SDMAuthenticate               :  1453 : client     : Found 3 certificates

response_packet_lock
response_packet_lock
response_packet_lock
[80%]	sending response
[90%]	receiving status
response_packet_lock
SDMAuthenticate               :  1634 : client     : Authentication successful

[100%]	finished authentication

Debug Authentication Success
state after regression: 
===== G: restore wolfTrust =====
Setting wolfTrust OEM-iRoT perimeter: TZEN=0xB4 BOOT_UBE=0xB4 SWAP_BANK=0x0 SECWM1_STRT=0x0 SECWM1_END=0x3F SECWM2_STRT=0x0 SECWM2_END=0x7F
Voltage     : 3.28V
Error: Unable to get core ID
Error: Cannot connect to access port 1!  If you are trying to connect to a device with TrustZone enabled please try to connect with HotPlug mode.  If you are trying to connect to a device which supports Debug Authentication with certificate or password, please open your device using it.
===== DONE final state =====
===== G-retry: restore wolfTrust (device settled at Open) =====
Setting wolfTrust OEM-iRoT perimeter: TZEN=0xB4 BOOT_UBE=0xB4 SWAP_BANK=0x0 SECWM1_STRT=0x0 SECWM1_END=0x3F SECWM2_STRT=0x0 SECWM2_END=0x7F

Option Bytes successfully programmed
Time elapsed during option Bytes configuration: 00:00:02.401
OPTION BYTE PROGRAMMING VERIFICATION:

Option Bytes successfully programmed
Time elapsed during option Bytes configuration: 00:00:02.401
Download in Progress:
File download complete
Time elapsed during download operation: 00:00:00.178
Download verified successfully
  [check] PASS  wolfTrust chain boots on silicon
PASS: wolfTrust restored and booting
===== G-retry: restore wolfTrust (device settled at Open) =====
Setting wolfTrust OEM-iRoT perimeter: TZEN=0xB4 BOOT_UBE=0xB4 SWAP_BANK=0x0 SECWM1_STRT=0x0 SECWM1_END=0x3F SECWM2_STRT=0x0 SECWM2_END=0x7F

Warning: Option Bytes are unchanged, Data won't be downloaded
Time elapsed during option Bytes configuration: 00:00:00.010
Warning: Option Byte: tzen, value: 0xB4, was not modified.

Warning: Option Bytes are unchanged, Data won't be downloaded
Time elapsed during option Bytes configuration: 00:00:00.010
Download in Progress:
File download complete
Time elapsed during download operation: 00:00:00.177
Download verified successfully
  [check] PASS  wolfTrust chain boots on silicon
PASS: wolfTrust restored and booting
===== final state =====
     PRODUCT_STATE: 0xED (Open) 
     BOOT_UBE     : 0xB4 (OEM-iRoT (user flash) selected) 
     TZEN         : 0xB4 (Trust zone enabled) 
