===== STEP 2: -ob TZEN=0xC3 (disable TrustZone / TZEN regression) =====
      -------------------------------------------------------------------
                        STM32CubeProgrammer v2.22.0                  
      -------------------------------------------------------------------

ST-LINK SN  : 002800373133511735333335
ST-LINK FW  : V3J15M6
Board       : NUCLEO-H563ZI
Voltage     : 3.27V
Error: Unable to get core ID
Error: Cannot connect to access port 1!  If you are trying to connect to a device with TrustZone enabled please try to connect with HotPlug mode.  If you are trying to connect to a device which supports Debug Authentication with certificate or password, please open your device using it.
2nd connect tentative with frequency (8MHz)
ST-LINK SN  : 002800373133511735333335
ST-LINK FW  : V3J15M6
Board       : NUCLEO-H563ZI
Voltage     : 3.27V
Error: Unable to get core ID
Error: Cannot connect to access port 1!  If you are trying to connect to a device with TrustZone enabled please try to connect with HotPlug mode.  If you are trying to connect to a device which supports Debug Authentication with certificate or password, please open your device using it.
===== STEP 2b: -ob TZEN=0xC3 on HotPlug (no hardRst) =====
      -------------------------------------------------------------------
                        STM32CubeProgrammer v2.22.0                  
      -------------------------------------------------------------------

ST-LINK SN  : 002800373133511735333335
ST-LINK FW  : V3J15M6
Board       : NUCLEO-H563ZI
Voltage     : 3.27V
Error: Unable to get core ID
Error: Cannot connect to access port 1!  If you are trying to connect to a device with TrustZone enabled please try to connect with HotPlug mode.  If you are trying to connect to a device which supports Debug Authentication with certificate or password, please open your device using it.
2nd connect tentative with frequency (8MHz)
ST-LINK SN  : 002800373133511735333335
ST-LINK FW  : V3J15M6
Board       : NUCLEO-H563ZI
Voltage     : 3.27V
Error: Unable to get core ID
Error: Cannot connect to access port 1!  If you are trying to connect to a device with TrustZone enabled please try to connect with HotPlug mode.  If you are trying to connect to a device which supports Debug Authentication with certificate or password, please open your device using it.
===== STEP 3: re-provision CERTIFICATE OBK (DA_Config.obk) =====
      -------------------------------------------------------------------
                        STM32CubeProgrammer v2.22.0                  
      -------------------------------------------------------------------

ST-LINK SN  : 002800373133511735333335
ST-LINK FW  : V3J15M6
Board       : NUCLEO-H563ZI
Voltage     : 3.27V
Error: Unable to get core ID
Error: Cannot connect to access port 1!  If you are trying to connect to a device with TrustZone enabled please try to connect with HotPlug mode.  If you are trying to connect to a device which supports Debug Authentication with certificate or password, please open your device using it.
2nd connect tentative with frequency (8MHz)
ST-LINK SN  : 002800373133511735333335
ST-LINK FW  : V3J15M6
Board       : NUCLEO-H563ZI
Voltage     : 3.27V
Error: Unable to get core ID
Error: Cannot connect to access port 1!  If you are trying to connect to a device with TrustZone enabled please try to connect with HotPlug mode.  If you are trying to connect to a device which supports Debug Authentication with certificate or password, please open your device using it.
===== STEP 3b: re-read DA integrity via discovery (non-destructive) =====
discovery: target ID.......................:0x484
discovery: SoC ID..........................:0x00000000_00000000_00000000_00000000
discovery: SDA version.....................:2.4.0
discovery: Vendor ID.......................:STMicroelectronics
discovery: PSA lifecycle...................:ST_LIFECYCLE_PROVISIONING
discovery: PSA auth version................:1.0
discovery: ST HDPL1 status.................:0xffffffff
discovery: ST HDPL2 status.................:0xffffffff
discovery: ST HDPL3 status.................:0xffffffff
discovery: Token Formats...................:0x200
discovery: Certificate Formats.............:0x201
discovery: cryptosystems...................:Ecdsa-P256 SHA256
discovery: ST provisioning integrity status:0xeaeaeaea
discovery: permission if authorized...........:(a/14) ==> Full Regression
discovery: permission if authorized...........:(b/12) ==> To TZ Regression
discovery: permission if authorized...........:(c/6) ==> Level 3 Intrusive Debug
discovery: permission if authorized...........:(d/5) ==> Level 2 Intrusive Debug
discovery: permission if authorized...........:(e/4) ==> Level 1 Intrusive Debug
discovery: permission if authorized...........:(f/2) ==> Level 3 Intrusive Non Secure Debug
discovery: permission if authorized...........:(g/1) ==> Level 2 Intrusive Non Secure Debug
discovery: permission if authorized...........:(h/0) ==> Level 1 Intrusive Non Secure Debug
Debug Authentication: Discovery Success
===== STEP 4: reset to clear the debugauth=3 lock =====
Reset mode  : Software reset
MCU Reset
Error: Unable to run MCU!
Error: Error code: 32
===== STEP 4b: retry -sdp CERTIFICATE OBK after reset =====
Secure Data Provisioning Start. OBK Input file : ./Binary/DA_Config.obk
[==================================================] 100% OBKey Provisioned successfully
===== STEP 4c: integrity recheck (discovery) =====
discovery: PSA lifecycle...................:ST_LIFECYCLE_PROVISIONING
discovery: ST provisioning integrity status:0xeaeaeaea
Debug Authentication: Discovery Success
===== STEP 5: CERTIFICATE full regression (per=a debugauth=1) -> Open =====
      -------------------------------------------------------------------
                        STM32CubeProgrammer v2.22.0                  
      -------------------------------------------------------------------

Permission request submitted : a 

Key file path submitted : ./Keys/key_3_leaf.pem 

Certificate file path submitted : ./Certificates/cert_leaf_chain.b64 

Password file path submitted : ./Binary/password.bin 


Start Debug Authentication Sequence

Open SDM Lib
SDMOpen                       :   723 : open       : SDM API v1.0

SDMOpen                       :   724 : open       : SDM Library version v1.3.0

open_comms                    :   607 : open       : Asserting target reset

open_comms                    :   615 : open       : Writing magic number

open_comms                    :   636 : open       : De-asserting target reset

open_comms                    :   671 : open       : Communication with the target established successfully

response_packet_lock
discovery: permission if authorized...........:(a/14) ==> Full Regression
discovery: permission if authorized...........:(b/12) ==> To TZ Regression
discovery: permission if authorized...........:(c/6) ==> Level 3 Intrusive Debug
discovery: permission if authorized...........:(d/5) ==> Level 2 Intrusive Debug
discovery: permission if authorized...........:(e/4) ==> Level 1 Intrusive Debug
discovery: permission if authorized...........:(f/2) ==> Level 3 Intrusive Non Secure Debug
discovery: permission if authorized...........:(g/1) ==> Level 2 Intrusive Non Secure Debug
discovery: permission if authorized...........:(h/0) ==> Level 1 Intrusive Non Secure Debug
SDMOpen                       :   723 : open       : SDM API v1.0

SDMOpen                       :   724 : open       : SDM Library version v1.3.0

open_comms                    :   607 : open       : Asserting target reset

open_comms                    :   615 : open       : Writing magic number

open_comms                    :   636 : open       : De-asserting target reset

open_comms                    :   671 : open       : Communication with the target established successfully

[00%]	discovery command
[10%]	sending discovery command
[20%]	receiving discovery
response_packet_lock
[40%]	loading credentials

./Keys/key_3_leaf.pem

./Certificates/cert_leaf_chain.b64
[50%]	sending challenge request
[60%]	receiving challenge
response_packet_lock
[70%]	signing token

 the submitted permissions are : a
SDMAuthenticate               :  1453 : client     : Found 3 certificates

response_packet_lock
response_packet_lock
response_packet_lock
[80%]	sending response
[90%]	receiving status
response_packet_lock
SDMAuthenticate               :  1634 : client     : Authentication successful

[100%]	finished authentication

Debug Authentication Success
===== STEP 6: verify product state after regression =====
     PRODUCT_STATE: 0xED (Open) 
     BOOT_UBE     : 0xB4 (OEM-iRoT (user flash) selected) 
     TZEN         : 0xC3 (Trust zone disabled) 
     SECWM1_STRT  : 0x0  (0x8000000) 
     SECWM1_END   : 0x7F  (0x80FE000) 
     SECWM2_STRT  : 0x0  (0x8100000) 
     SECWM2_END   : 0x7F  (0x81FE000) 
===== STEP 7: RESTORE wolfTrust (set-perimeter + flash + verify) =====
Setting wolfTrust OEM-iRoT perimeter: TZEN=0xB4 BOOT_UBE=0xB4 SWAP_BANK=0x0 SECWM1_STRT=0x0 SECWM1_END=0x3F SECWM2_STRT=0x0 SECWM2_END=0x7F

Option Bytes successfully programmed
Time elapsed during option Bytes configuration: 00:00:02.399
OPTION BYTE PROGRAMMING VERIFICATION:

Option Bytes successfully programmed
Time elapsed during option Bytes configuration: 00:00:02.411
Download in Progress:
File download complete
Time elapsed during download operation: 00:00:00.179
Download verified successfully
  [check] PASS  wolfTrust chain boots on silicon
PASS: wolfTrust restored and booting
