# MP3 Stage A (part 1) — STM32H563 (NUCLEO-H563ZI), 2026-08-18
# wolfTrust as the sealed RoT: advance to Provisioning, provision the DA
# credential, and prove Full Regression is available (the reversible escape
# hatch) BEFORE any regression. Board healthy throughout; debug never lost.
# Tooling: tests/target/provisioning_ctrl.sh + ST ROT_Provisioning/DA files.

## STEP 1 — advance Open (0xED) -> Provisioning (0x17)
ADVANCING product state 0xED -> 0x17 (regress is the only way back)
OPTION BYTE PROGRAMMING VERIFICATION:
Option Bytes successfully programmed
now: 0x17
     PRODUCT_STATE: 0x17 (Provisioning, Debug partially opened (only non-secure))

## STEP 2 — provision the DA OBK (rejected in Open, succeeds in Provisioning)
Secure Data Provisioning Start. OBK Input file : .../DA/Binary/DA_ConfigWithPassword.obk
OBKey Provisioned successfully

## STEP 3 — DA discovery (non-destructive) proves the credential + Full Regression
Start Debug Authentication Sequence
open_comms : Communication with the target established successfully
discovery: target ID.......................:0x484
discovery: SDA version.....................:2.4.0
discovery: Vendor ID.......................:STMicroelectronics
discovery: PSA lifecycle...................:ST_LIFECYCLE_PROVISIONING
discovery: PSA auth version................:1.0
discovery: cryptosystems...................:Ecdsa-P256 SHA256
discovery: permission if authorized...........:(a/14) ==> Full Regression
discovery: permission if authorized...........:(b/12) ==> To TZ Regression
discovery: permission if authorized...........:(c/6) ==> Level 3 Intrusive Debug
discovery: permission if authorized...........:(d/5) ==> Level 2 Intrusive Debug
discovery: permission if authorized...........:(e/4) ==> Level 1 Intrusive Debug
discovery: permission if authorized...........:(f/2) ==> Level 3 Intrusive Non Secure Debug
discovery: permission if authorized...........:(g/1) ==> Level 2 Intrusive Non Secure Debug
discovery: permission if authorized...........:(h/0) ==> Level 1 Intrusive Non Secure Debug
Debug Authentication: Discovery Success

## Result
Escape hatch PROVEN: the ST-consistent password credential authenticates and
grants (a/14) Full Regression. `provisioning_ctrl.sh regress` uses per=a, so a
mass-erase-to-Open regression is guaranteed. Next: regress -> Open -> restore
(set-perimeter + flash + verify) to complete the reversible round-trip; then
Stage B seals all the way to Closed (0x72) with the same proven regression.
