RUN: hardware/positive
  [check] PASS  no fault markers in UART
  [check] PASS  TEE client initialized
  [check] PASS  FF-M psa_framework_version=0x0100
  [check] PASS  SERVICE_CRYPTO dispatch verified
  [check] PASS  psa_hash_compute(SHA-256) KAT verified
  [check] PASS  psa_initial_attestation st=0
  [check] PASS  attestation COSE_Sign1 verified
  [check] PASS  guest0_psa done
PASS: hardware/positive
RUN: hardware/restart
  [check] PASS  no unhandled fault markers
  [check] PASS  monitor restarted the guest exactly 3 times
  [check] PASS  guest quarantined FAULTED after the limit (events=1)
  [check] PASS  guest1 alive after guest0 FAULTED
PASS: hardware/restart
RUN: hardware/crossdomain
  [check] PASS  isolation fault did not escalate to HardFault
  [check] PASS  crypto SP faulted on the cross-domain read (count=0x00000001)
  [check] PASS  denied read targeted SPM-private RAM (addr=0x30028000)
  [check] PASS  guest1 alive after SP quarantined
PASS: hardware/crossdomain
PASS: hardware/all
