[00:00:00.000,000] freertos_guest1: al[0m<inf> wolftrust_wolfive
freertos_guest1: whsm_client: wolfHSM clieolfhsm_guest_init rc=0nt up; devId=0x5748534d
freertos_guest1: wolfH registered
*** BoSM client up; devId=0x5oting Zephyr OS build v4748534d
.2.0 ***
[00:00:00.000,000] <inf> wolfpsa_zefreertos_guest1: C_Initphyr: wolfPSA up; defauialize rv=0
freertos_glt devId=0x5748534duest1: C_GetSlotList rv
[00:00:00.000,000] [=0 slot_count=1
freerto0m<inf> guest0_psa: gues_guest1: C_OpenSessionst0_psa alive
[00: rv=0
freertos_guest1:00:00.001,000] <inf C_Digest(SHA-256) rv=0 > guest0_psa: wolfTrustlen=32 first=0xc3
 TEE client initialized
[00:00:00.000,000] <inf> guest0_psa: tee impl_id=0x57545254 gen_caps=0x1
[00:00:00.000,000] <inf> guest0_psa: tee_invoke_func(cancel) rc=0 ret=0x0
[00:00:00.001,000] <inf> guest0_psa: wolfTrust FF-M psa_framework_version=0x0100
[00:00:00.000,000] <err> guest0_psa: FF-M psa_connect(SERVICE_CRYPTO) failed rc=0 handle=-132
[00:00:00.001,000] <err> guest0_psa: FF-M negative setup connect failed rc=0 handle=-132
[00:00:00.001,000] <inf> guest0_psa: psa_initial_attestation short-buffer rejected correctly
[00:00:00.007,000] <inf> guest0_psa: psa_initial_attestation st=0 token_len=255
[00:00:00.000,000] <inf> guest0_psa: wolfTrust attestation: wolfCOSE COSE_Sign1 signed by wolfHSM
[00:00:00.000,000] <inf> guest0_psa: wolfTrust attestation: IAK public key prefix=5a27e5b3168ca62d
[00:00:00.000,000] <inf> guest0_psa: wolfTrust attestation: COSE_Sign1 verified
[00:00:00.001,000] <inf> guest0_psa: attestation verify=0 challenge=ok identity=ok lifecycle=0x1000 measurement=ok cose=ES256
[00:00:00.000,000] <inf> guest0_psa: secured lifecycle policy rejected development token
[00:00:00.000,000] <inf> guest0_psa: psa_generate_random st=0 first=0xe5
[00:00:00.000,000] <inf> guest0_psa: psa_hash_compute(SHA-256) KAT verified
[00:00:00.000,000] <inf> guest0_psa: psa_cipher_encrypt(AES-CTR) st=0 ct_len=32
[00:00:00.001,000] <inf> guest0_psa: guest0_psa done
freertos_guest1: heartbeat 0
freertos_guest1: heartbeat 1
freertos_guest1: heartbeat 2
